// Jest Snapshot v1, https://goo.gl/fbAQLP

exports[`renders without crashing 1`] = `
<div>
  <main
    class="KeyboardSelect-main-80"
  >
    <div
      class="MuiPaper-root-84 MuiPaper-elevation2-88 MuiPaper-rounded-85 KeyboardSelect-paper-81"
    >
      <div
        class="MuiAvatar-root-111 MuiAvatar-colorDefault-112 KeyboardSelect-avatar-82"
      >
        <svg
          aria-hidden="true"
          class="MuiSvgIcon-root-114"
          focusable="false"
          role="presentation"
          viewBox="0 0 24 24"
        >
          <path
            d="M20 5H4c-1.1 0-1.99.9-1.99 2L2 17c0 1.1.9 2 2 2h16c1.1 0 2-.9 2-2V7c0-1.1-.9-2-2-2zm-9 3h2v2h-2V8zm0 3h2v2h-2v-2zM8 8h2v2H8V8zm0 3h2v2H8v-2zm-1 2H5v-2h2v2zm0-3H5V8h2v2zm9 7H8v-2h8v2zm0-4h-2v-2h2v2zm0-3h-2V8h2v2zm3 3h-2v-2h2v2zm0-3h-2V8h2v2z"
          />
          <path
            d="M0 0h24v24H0zm0 0h24v24H0z"
            fill="none"
          />
        </svg>
      </div>
      <button
        class="MuiButtonBase-root-149 MuiButton-root-123 MuiButton-contained-134 MuiButton-containedPrimary-135 MuiButton-raised-137 MuiButton-raisedPrimary-138 MuiButton-fullWidth-148"
        tabindex="0"
        type="button"
      >
        <span
          class="MuiButton-label-124"
        >
          Connect
        </span>
        <span
          class="MuiTouchRipple-root-152"
        />
      </button>
    </div>
    <div
      class="KeyboardSelect-exit-83"
    >
      <button
        class="MuiButtonBase-root-149 MuiButton-root-123 MuiButton-text-125 MuiButton-flat-128"
        tabindex="0"
        type="button"
      >
        <span
          class="MuiButton-label-124"
        >
          Exit
        </span>
        <span
          class="MuiTouchRipple-root-152"
        />
      </button>
    </div>
  </main>
</div>
`;
