// Jest Snapshot v1, https://goo.gl/fbAQLP

exports[`renders without crashing 1`] = `
<div>
  <div>
    <main
      class="KeyboardSelect-main-101"
    >
      <div
        class="MuiPaper-root-108 MuiPaper-elevation2-112 MuiPaper-rounded-109 KeyboardSelect-paper-102"
      >
        <a
          class="MuiBadge-root-135"
          href="https://github.com/keyboardio/chrysalis-bundle-keyboardio/issues"
        >
          <div
            class="MuiAvatar-root-141 MuiAvatar-colorDefault-142 KeyboardSelect-avatar-103"
          >
            <svg
              aria-hidden="true"
              class="MuiSvgIcon-root-144"
              focusable="false"
              role="presentation"
              viewBox="0 0 24 24"
            >
              <path
                d="M20 5H4c-1.1 0-1.99.9-1.99 2L2 17c0 1.1.9 2 2 2h16c1.1 0 2-.9 2-2V7c0-1.1-.9-2-2-2zm-9 3h2v2h-2V8zm0 3h2v2h-2v-2zM8 8h2v2H8V8zm0 3h2v2H8v-2zm-1 2H5v-2h2v2zm0-3H5V8h2v2zm9 7H8v-2h8v2zm0-4h-2v-2h2v2zm0-3h-2V8h2v2zm3 3h-2v-2h2v2zm0-3h-2V8h2v2z"
              />
              <path
                d="M0 0h24v24H0zm0 0h24v24H0z"
                fill="none"
              />
            </svg>
          </div>
          <span
            class="MuiBadge-badge-136 KeyboardSelect-bugReport-106 MuiBadge-colorPrimary-137"
          >
            <svg
              aria-hidden="true"
              class="MuiSvgIcon-root-144 KeyboardSelect-bugReportIcon-107"
              focusable="false"
              role="presentation"
              viewBox="0 0 24 24"
            >
              <path
                d="M0 0h24v24H0z"
                fill="none"
              />
              <path
                d="M20 8h-2.81c-.45-.78-1.07-1.45-1.82-1.96L17 4.41 15.59 3l-2.17 2.17C12.96 5.06 12.49 5 12 5c-.49 0-.96.06-1.41.17L8.41 3 7 4.41l1.62 1.63C7.88 6.55 7.26 7.22 6.81 8H4v2h2.09c-.05.33-.09.66-.09 1v1H4v2h2v1c0 .34.04.67.09 1H4v2h2.81c1.04 1.79 2.97 3 5.19 3s4.15-1.21 5.19-3H20v-2h-2.09c.05-.33.09-.66.09-1v-1h2v-2h-2v-1c0-.34-.04-.67-.09-1H20V8zm-6 8h-4v-2h4v2zm0-4h-4v-2h4v2z"
              />
            </svg>
          </span>
        </a>
        <button
          class="MuiButtonBase-root-179 MuiButton-root-153 MuiButton-contained-164 MuiButton-containedPrimary-165 MuiButton-raised-167 MuiButton-raisedPrimary-168 MuiButton-fullWidth-178"
          tabindex="0"
          type="button"
        >
          <span
            class="MuiButton-label-154"
          >
            Connect
          </span>
          <span
            class="MuiTouchRipple-root-192"
          />
        </button>
      </div>
      <div
        class="KeyboardSelect-exit-104"
      >
        <button
          class="MuiButtonBase-root-179 MuiButton-root-153 MuiButton-text-155 MuiButton-flat-158"
          tabindex="0"
          type="button"
        >
          <span
            class="MuiButton-label-154"
          >
            Exit
          </span>
          <span
            class="MuiTouchRipple-root-192"
          />
        </button>
      </div>
    </main>
    <button
      class="MuiButtonBase-root-179 MuiFab-root-182 MuiFab-primary-184 App-tools-100"
      tabindex="0"
      type="button"
    >
      <span
        class="MuiFab-label-183"
      >
        <svg
          aria-hidden="true"
          class="MuiSvgIcon-root-144"
          focusable="false"
          role="presentation"
          viewBox="0 0 24 24"
        >
          <path
            d="M0 0h24v24H0V0z"
            fill="none"
          />
          <path
            d="M9.4 16.6L4.8 12l4.6-4.6L8 6l-6 6 6 6 1.4-1.4zm5.2 0l4.6-4.6-4.6-4.6L16 6l6 6-6 6-1.4-1.4z"
          />
        </svg>
      </span>
      <span
        class="MuiTouchRipple-root-192"
      />
    </button>
  </div>
</div>
`;
