// Jest Snapshot v1, https://goo.gl/fbAQLP

exports[`renders without crashing 1`] = `
<div>
  <div
    class="App-root-185"
  >
    <header
      class="MuiPaper-root-201 MuiPaper-elevation4-207 MuiAppBar-root-192 MuiAppBar-positionStatic-196"
      id="appbar"
    >
      <div
        class="MuiToolbar-root-228 MuiToolbar-dense-231 MuiToolbar-gutters-229"
      >
        <button
          class="MuiButtonBase-root-258 MuiButton-root-232 MuiButton-text-234 MuiButton-flat-237 MuiButton-colorInherit-253 App-menuButton-188"
          tabindex="0"
          type="button"
        >
          <span
            class="MuiButton-label-233"
          >
            <svg
              aria-hidden="true"
              class="MuiSvgIcon-root-261"
              focusable="false"
              role="presentation"
              viewBox="0 0 24 24"
            >
              <path
                d="M0 0h24v24H0z"
                fill="none"
              />
              <path
                d="M3 18h18v-2H3v2zm0-5h18v-2H3v2zm0-7v2h18V6H3z"
              />
            </svg>
            <h6
              class="MuiTypography-root-270 MuiTypography-h6-287 MuiTypography-colorInherit-299 App-pageMenu-187"
              id="page-title"
            >
              Select a keyboard
            </h6>
          </span>
          <span
            class="MuiTouchRipple-root-346"
          />
        </button>
        <div
          class="App-grow-189"
        />
      </div>
    </header>
    <main
      class="App-content-186"
    >
      <div
        class="KeyboardSelect-main-306"
      >
        <div
          class="MuiLinearProgress-root-353 MuiLinearProgress-colorPrimary-354 MuiLinearProgress-query-357 KeyboardSelect-loader-305"
          role="progressbar"
        >
          <div
            class="MuiLinearProgress-bar-361 MuiLinearProgress-barColorPrimary-362 MuiLinearProgress-bar1Indeterminate-364"
          />
          <div
            class="MuiLinearProgress-bar-361 MuiLinearProgress-barColorPrimary-362 MuiLinearProgress-bar2Indeterminate-367"
          />
        </div>
        <div
          class="MuiPaper-root-201 MuiPaper-elevation1-204 MuiPaper-rounded-202 MuiCard-root-314 KeyboardSelect-card-307"
        >
          <div
            class="MuiCardHeader-root-315 KeyboardSelect-content-308"
          >
            <div
              class="MuiCardHeader-avatar-316"
            >
              <div
                class="MuiAvatar-root-321 MuiAvatar-colorDefault-322 KeyboardSelect-avatar-309"
              >
                <svg
                  aria-hidden="true"
                  class="MuiSvgIcon-root-261"
                  focusable="false"
                  role="presentation"
                  viewBox="0 0 24 24"
                >
                  <path
                    d="M20 5H4c-1.1 0-1.99.9-1.99 2L2 17c0 1.1.9 2 2 2h16c1.1 0 2-.9 2-2V7c0-1.1-.9-2-2-2zm-9 3h2v2h-2V8zm0 3h2v2h-2v-2zM8 8h2v2H8V8zm0 3h2v2H8v-2zm-1 2H5v-2h2v2zm0-3H5V8h2v2zm9 7H8v-2h8v2zm0-4h-2v-2h2v2zm0-3h-2V8h2v2zm3 3h-2v-2h2v2zm0-3h-2V8h2v2z"
                  />
                  <path
                    d="M0 0h24v24H0zm0 0h24v24H0z"
                    fill="none"
                  />
                </svg>
              </div>
            </div>
            <div
              class="MuiCardHeader-content-318"
            />
          </div>
          <div
            class="MuiCardContent-root-324 KeyboardSelect-content-308"
          />
          <hr
            class="MuiDivider-root-325 MuiDivider-middle-329"
          />
          <div
            class="MuiCardActions-root-330"
          >
            <button
              class="MuiButtonBase-root-258 MuiButton-root-232 MuiButton-text-234 MuiButton-flat-237 MuiCardActions-action-331"
              tabindex="0"
              type="button"
            >
              <span
                class="MuiButton-label-233"
              >
                Scan devices
              </span>
              <span
                class="MuiTouchRipple-root-346"
              />
            </button>
            <div
              class="KeyboardSelect-grow-310 MuiCardActions-action-331"
            />
            <button
              class="MuiButtonBase-root-258 MuiButton-root-232 MuiButton-contained-243 MuiButton-containedPrimary-244 MuiButton-raised-246 MuiButton-raisedPrimary-247 MuiCardActions-action-331"
              tabindex="0"
              type="button"
            >
              <span
                class="MuiButton-label-233"
              >
                Connect
              </span>
              <span
                class="MuiTouchRipple-root-346"
              />
            </button>
          </div>
        </div>
      </div>
    </main>
  </div>
</div>
`;
